#-----------------------------------------------------------
# Vivado v2018.2 (64-bit)
# SW Build 2258646 on Thu Jun 14 20:03:12 MDT 2018
# IP Build 2256618 on Thu Jun 14 22:10:49 MDT 2018
# Start of session at: Tue Feb 27 06:54:10 2024
# Process ID: 21784
# Current directory: D:/Auc_Crs/Sprng24/Arch_lab/Single Cycle Implementation of RISC-V
# Command line: vivado.exe -gui_launcher_event rodinguilauncherevent12788 D:\Auc_Crs\Sprng24\Arch_lab\Single Cycle Implementation of RISC-V\Single Cycle Implementation of RISC-V.xpr
# Log file: D:/Auc_Crs/Sprng24/Arch_lab/Single Cycle Implementation of RISC-V/vivado.log
# Journal file: D:/Auc_Crs/Sprng24/Arch_lab/Single Cycle Implementation of RISC-V\vivado.jou
#-----------------------------------------------------------
start_gui
open_project {D:/Auc_Crs/Sprng24/Arch_lab/Single Cycle Implementation of RISC-V/Single Cycle Implementation of RISC-V.xpr}
update_compile_order -fileset sources_1
close [ open {D:/Auc_Crs/Sprng24/Arch_lab/Single Cycle Implementation of RISC-V/Single Cycle Implementation of RISC-V.srcs/sources_1/new/FullAdder.v} w ]
add_files {{D:/Auc_Crs/Sprng24/Arch_lab/Single Cycle Implementation of RISC-V/Single Cycle Implementation of RISC-V.srcs/sources_1/new/FullAdder.v}}
update_compile_order -fileset sources_1
close [ open {D:/Auc_Crs/Sprng24/Arch_lab/Single Cycle Implementation of RISC-V/Single Cycle Implementation of RISC-V.srcs/sources_1/new/RippleCarryAdder.v} w ]
add_files {{D:/Auc_Crs/Sprng24/Arch_lab/Single Cycle Implementation of RISC-V/Single Cycle Implementation of RISC-V.srcs/sources_1/new/RippleCarryAdder.v}}
update_compile_order -fileset sources_1
set_property SOURCE_SET sources_1 [get_filesets sim_1]
close [ open {D:/Auc_Crs/Sprng24/Arch_lab/Single Cycle Implementation of RISC-V/Single Cycle Implementation of RISC-V.srcs/sim_1/new/RippleCarryAdder_tb.v} w ]
add_files -fileset sim_1 {{D:/Auc_Crs/Sprng24/Arch_lab/Single Cycle Implementation of RISC-V/Single Cycle Implementation of RISC-V.srcs/sim_1/new/RippleCarryAdder_tb.v}}
update_compile_order -fileset sim_1
# Disabling source management mode.  This is to allow the top design properties to be set without GUI intervention.
set_property source_mgmt_mode None [current_project]
set_property top RippleCarryAdder_tb [get_filesets sim_1]
set_property top_lib xil_defaultlib [get_filesets sim_1]
# Re-enabling previously disabled source management mode.
set_property source_mgmt_mode All [current_project]
update_compile_order -fileset sim_1
# Disabling source management mode.  This is to allow the top design properties to be set without GUI intervention.
set_property source_mgmt_mode None [current_project]
set_property top RippleCarryAdder [current_fileset]
# Re-enabling previously disabled source management mode.
set_property source_mgmt_mode All [current_project]
update_compile_order -fileset sources_1
launch_simulation
source RippleCarryAdder_tb.tcl
close [ open {D:/Auc_Crs/Sprng24/Arch_lab/Single Cycle Implementation of RISC-V/Single Cycle Implementation of RISC-V.srcs/sources_1/new/N-bit-ALU.v} w ]
add_files {{D:/Auc_Crs/Sprng24/Arch_lab/Single Cycle Implementation of RISC-V/Single Cycle Implementation of RISC-V.srcs/sources_1/new/N-bit-ALU.v}}
update_compile_order -fileset sources_1
export_ip_user_files -of_objects  [get_files {{D:/Auc_Crs/Sprng24/Arch_lab/Single Cycle Implementation of RISC-V/Single Cycle Implementation of RISC-V.srcs/sources_1/new/N-bit-ALU.v}}] -no_script -reset -force -quiet
remove_files  {{D:/Auc_Crs/Sprng24/Arch_lab/Single Cycle Implementation of RISC-V/Single Cycle Implementation of RISC-V.srcs/sources_1/new/N-bit-ALU.v}}
file delete -force {D:/Auc_Crs/Sprng24/Arch_lab/Single Cycle Implementation of RISC-V/Single Cycle Implementation of RISC-V.srcs/sources_1/new/N-bit-ALU.v}
close [ open {D:/Auc_Crs/Sprng24/Arch_lab/Single Cycle Implementation of RISC-V/Single Cycle Implementation of RISC-V.srcs/sources_1/new/N_bit_ALU.v} w ]
add_files {{D:/Auc_Crs/Sprng24/Arch_lab/Single Cycle Implementation of RISC-V/Single Cycle Implementation of RISC-V.srcs/sources_1/new/N_bit_ALU.v}}
update_compile_order -fileset sources_1
close [ open {D:/Auc_Crs/Sprng24/Arch_lab/Single Cycle Implementation of RISC-V/Single Cycle Implementation of RISC-V.srcs/sources_1/new/n_bit_v_x_1_MUX.v} w ]
add_files {{D:/Auc_Crs/Sprng24/Arch_lab/Single Cycle Implementation of RISC-V/Single Cycle Implementation of RISC-V.srcs/sources_1/new/n_bit_v_x_1_MUX.v}}
update_compile_order -fileset sources_1
export_ip_user_files -of_objects  [get_files {{D:/Auc_Crs/Sprng24/Arch_lab/Single Cycle Implementation of RISC-V/Single Cycle Implementation of RISC-V.srcs/sources_1/new/n_bit_v_x_1_MUX.v}}] -no_script -reset -force -quiet
remove_files  {{D:/Auc_Crs/Sprng24/Arch_lab/Single Cycle Implementation of RISC-V/Single Cycle Implementation of RISC-V.srcs/sources_1/new/n_bit_v_x_1_MUX.v}}
file delete -force {D:/Auc_Crs/Sprng24/Arch_lab/Single Cycle Implementation of RISC-V/Single Cycle Implementation of RISC-V.srcs/sources_1/new/n_bit_v_x_1_MUX.v}
set_property SOURCE_SET sources_1 [get_filesets sim_1]
close [ open {D:/Auc_Crs/Sprng24/Arch_lab/Single Cycle Implementation of RISC-V/Single Cycle Implementation of RISC-V.srcs/sim_1/new/N_bit_ALU_tb.v} w ]
add_files -fileset sim_1 {{D:/Auc_Crs/Sprng24/Arch_lab/Single Cycle Implementation of RISC-V/Single Cycle Implementation of RISC-V.srcs/sim_1/new/N_bit_ALU_tb.v}}
update_compile_order -fileset sim_1
# Disabling source management mode.  This is to allow the top design properties to be set without GUI intervention.
set_property source_mgmt_mode None [current_project]
set_property top N_bit_ALU_tb [get_filesets sim_1]
set_property top_lib xil_defaultlib [get_filesets sim_1]
# Re-enabling previously disabled source management mode.
set_property source_mgmt_mode All [current_project]
update_compile_order -fileset sim_1
# Disabling source management mode.  This is to allow the top design properties to be set without GUI intervention.
set_property source_mgmt_mode None [current_project]
set_property top N_bit_ALU [current_fileset]
# Re-enabling previously disabled source management mode.
set_property source_mgmt_mode All [current_project]
update_compile_order -fileset sources_1
launch_simulation
launch_simulation
source N_bit_ALU_tb.tcl
close_sim
launch_simulation
source N_bit_ALU_tb.tcl
# Disabling source management mode.  This is to allow the top design properties to be set without GUI intervention.
set_property source_mgmt_mode None [current_project]
set_property top RippleCarryAdder [current_fileset]
# Re-enabling previously disabled source management mode.
set_property source_mgmt_mode All [current_project]
# Disabling source management mode.  This is to allow the top design properties to be set without GUI intervention.
set_property source_mgmt_mode None [current_project]
set_property top RippleCarryAdder_tb [get_filesets sim_1]
set_property top_lib xil_defaultlib [get_filesets sim_1]
# Re-enabling previously disabled source management mode.
set_property source_mgmt_mode All [current_project]
update_compile_order -fileset sources_1
update_compile_order -fileset sim_1
current_sim simulation_1
close_sim
launch_simulation
source RippleCarryAdder_tb.tcl
# Disabling source management mode.  This is to allow the top design properties to be set without GUI intervention.
set_property source_mgmt_mode None [current_project]
set_property top N_bit_ALU [current_fileset]
# Re-enabling previously disabled source management mode.
set_property source_mgmt_mode All [current_project]
# Disabling source management mode.  This is to allow the top design properties to be set without GUI intervention.
set_property source_mgmt_mode None [current_project]
set_property top N_bit_ALU_tb [get_filesets sim_1]
set_property top_lib xil_defaultlib [get_filesets sim_1]
# Re-enabling previously disabled source management mode.
set_property source_mgmt_mode All [current_project]
update_compile_order -fileset sources_1
update_compile_order -fileset sim_1
current_sim simulation_3
close_sim
launch_simulation
source N_bit_ALU_tb.tcl
close_sim
launch_simulation
source N_bit_ALU_tb.tcl
relaunch_sim
relaunch_sim
relaunch_sim
close [ open {D:/Auc_Crs/Sprng24/Arch_lab/Single Cycle Implementation of RISC-V/Single Cycle Implementation of RISC-V.srcs/sources_1/new/Register_file.v} w ]
add_files {{D:/Auc_Crs/Sprng24/Arch_lab/Single Cycle Implementation of RISC-V/Single Cycle Implementation of RISC-V.srcs/sources_1/new/Register_file.v}}
update_compile_order -fileset sources_1
set_property SOURCE_SET sources_1 [get_filesets sim_1]
close [ open {D:/Auc_Crs/Sprng24/Arch_lab/Single Cycle Implementation of RISC-V/Single Cycle Implementation of RISC-V.srcs/sim_1/new/Register_file_tb.v} w ]
add_files -fileset sim_1 {{D:/Auc_Crs/Sprng24/Arch_lab/Single Cycle Implementation of RISC-V/Single Cycle Implementation of RISC-V.srcs/sim_1/new/Register_file_tb.v}}
update_compile_order -fileset sim_1
# Disabling source management mode.  This is to allow the top design properties to be set without GUI intervention.
set_property source_mgmt_mode None [current_project]
set_property top Register_file_tb [get_filesets sim_1]
set_property top_lib xil_defaultlib [get_filesets sim_1]
# Re-enabling previously disabled source management mode.
set_property source_mgmt_mode All [current_project]
update_compile_order -fileset sim_1
# Disabling source management mode.  This is to allow the top design properties to be set without GUI intervention.
set_property source_mgmt_mode None [current_project]
set_property top Register_file [current_fileset]
# Re-enabling previously disabled source management mode.
set_property source_mgmt_mode All [current_project]
update_compile_order -fileset sources_1
launch_simulation
source Register_file_tb.tcl
